
> frontend@0.1.0 build
> next build

node.exe : ΓÜá Warning: Next.js inferred your 
workspace root, but it may not be correct.
At C:\Program Files\nodejs\npm.ps1:29 char:3
+   & $NODE_EXE $NPM_CLI_JS $args
+   ~~~~~~~~~~~~~~~~~~~~~~~~~~~~~
    + CategoryInfo          : NotSpecified: ( 
   ΓÜá Warning: Ne...not be correct.:String)  
   [], RemoteException
    + FullyQualifiedErrorId : NativeCommandEr 
   ror
 
 We detected multiple lockfiles and selected 
the directory of 
D:\Projects\package-lock.json as the root 
directory.
 To silence this warning, set 
`turbopack.root` in your Next.js config, or 
consider removing one of the lockfiles if 
it's not needed.
   See https://nextjs.org/docs/app/api-referen
ce/config/next-config-js/turbopack#root-direct
ory for more information.
 Detected additional lockfiles: 
   * 
D:\Projects\MyStore\frontend\package-lock.json
   * D:\Projects\MyStore\package-lock.json

Γû▓ Next.js 16.2.1 (Turbopack)
- Environments: .env

  Creating an optimized production build ...
Γ£ô Compiled successfully in 2.2s
  Running TypeScript ...
Failed to type check.

./src/app/admin/orders/page.tsx:40:29
Type error: Parameter 'order' implicitly has 
an 'any' type.

  [90m38 |[0m                 
</[33mTableRow[0m>
  [90m39 |[0m               ) : (
[31m[1m>[0m [90m40 |[0m                 
orders.map((order) => (
  [90m   |[0m                             
[31m[1m^[0m
  [90m41 |[0m                   
<[33mTableRow[0m key={order.id}>
  [90m42 |[0m                     
<[33mTableCell[0m 
className=[32m"font-medium text-xs 
font-mono"[0m>{order.id.split([32m'..[0m.
  [90m43 |[0m                     
<[33mTableCell[0m>
Next.js build worker exited with code: 1 and 
signal: null
